---
source: crates/unsoundness_checker/tests/markdown_test.rs
expression: output
---
error[mutating-function-code-attribute]: Mutating `__code__` attribute on a function may lead to runtime type errors.
 --> What we can't catch.py:7:1
  |
5 |     return 1
6 |
7 | foo.__code__ = bar.__code__
  | ^^^^^^^^^^^^
8 |
9 | result = foo(10)
  |
info: rule `mutating-function-code-attribute` was selected in the configuration file
