---
source: crates/unsoundness_checker/tests/markdown_test.rs
expression: output
---
error[if-type-checking-used]: Using `if TYPE_CHECKING:` blocks can lead to runtime errors if imports or definitions are incorrectly referenced at runtime.
 --> snippet_01.py:3:1
  |
1 |   from typing import TYPE_CHECKING
2 |
3 | / if TYPE_CHECKING:
4 | |     def get_value() -> int:
5 | |         ...
6 | | else:
7 | |     def get_value() -> str:
8 | |         return "hello"
  | |______________________^
  |
info: rule `if-type-checking-used` was selected in the configuration file
