---
source: crates/unsoundness_checker/tests/markdown_test.rs
expression: output
---
error[setting-function-code-attribute]: Setting `__code__` attribute on a function may lead to runtime type errors.
 --> snippet_01.py:7:1
  |
5 |     return "!"
6 |
7 | foo.__code__ = bar.__code__
  | ^^^^^^^^^^^^
8 |
9 | # Type checker things `result` is an `int`, but it is a string
  |
info: rule `setting-function-code-attribute` was selected in the configuration file
